src/components/buttonSroller/index.tsx(37,7): error TS2322: Type '{ children: Element[]; id: string; name: string; className: string; style: { backgroundColor: string; }; }' is not assignable to type 'DetailedHTMLProps<HTMLAttributes<HTMLDivElement>, HTMLDivElement>'.
  Property 'name' does not exist on type 'DetailedHTMLProps<HTMLAttributes<HTMLDivElement>, HTMLDivElement>'.
src/components/buttonSroller/index.tsx(48,13): error TS2322: Type '{ children: string; id: string; name: string; key: number; className: string; style: { backgroundColor: string; color: string; }; onClick: () => void; }' is not assignable to type 'DetailedHTMLProps<LabelHTMLAttributes<HTMLLabelElement>, HTMLLabelElement>'.
  Property 'name' does not exist on type 'DetailedHTMLProps<LabelHTMLAttributes<HTMLLabelElement>, HTMLLabelElement>'.
src/components/tenantadmin/dashboard/component/accuracyChart/index.tsx(2,29): error TS2307: Cannot find module 'highcharts-react-official' or its corresponding type declarations.
src/components/tenantadmin/dashboard/component/accuracyChart/index.tsx(3,24): error TS2307: Cannot find module 'highcharts' or its corresponding type declarations.
src/components/tenantadmin/dashboard/component/accuracyChart/index.tsx(9,8): error TS2307: Cannot find module '../../../../utils/reusable' or its corresponding type declarations.
src/components/tenantadmin/dashboard/component/accuracyChart/index.tsx(189,11): error TS1117: An object literal cannot have multiple properties with the same name.
src/components/tenantadmin/dashboard/component/appchart/index.tsx(5,20): error TS2307: Cannot find module './style.module.css' or its corresponding type declarations.
src/components/tenantadmin/dashboard/component/appchart/index.tsx(41,36): error TS1323: Dynamic imports are only supported when the '--module' flag is set to 'es2020', 'es2022', 'esnext', 'commonjs', 'amd', 'system', 'umd', 'node16', 'node18', 'node20', or 'nodenext'.
src/components/tenantadmin/dashboard/component/chartheader/index.tsx(3,20): error TS2307: Cannot find module './style.module.css' or its corresponding type declarations.
src/components/tenantadmin/dashboard/component/chartheader/index.tsx(8,5): error TS2339: Property 'label' does not exist on type '{}'.
src/components/tenantadmin/dashboard/component/chartheader/index.tsx(9,5): error TS2339: Property 'value' does not exist on type '{}'.
src/components/tenantadmin/dashboard/component/chartheader/index.tsx(10,5): error TS2339: Property 'background' does not exist on type '{}'.
src/components/tenantadmin/dashboard/component/chartheader/index.tsx(11,5): error TS2339: Property 'images' does not exist on type '{}'.
src/components/tenantadmin/dashboard/component/chartheader/index.tsx(12,5): error TS2339: Property 'header' does not exist on type '{}'.
src/components/tenantadmin/dashboard/component/chartheader/index.tsx(13,5): error TS2339: Property 'onClick' does not exist on type '{}'.
src/components/tenantadmin/dashboard/component/chartheader/index.tsx(14,5): error TS2339: Property 'values' does not exist on type '{}'.
src/components/tenantadmin/dashboard/component/chartheader/index.tsx(15,5): error TS2339: Property 'showMaximize' does not exist on type '{}'.
src/components/tenantadmin/dashboard/component/chartheader/index.tsx(37,17): error TS2322: Type '{ children: string; id: string; name: string; onClick: (e: MouseEvent<HTMLSpanElement, MouseEvent>) => void; className: string; style: { color: "#3B82F6"; }; }' is not assignable to type 'DetailedHTMLProps<HTMLAttributes<HTMLSpanElement>, HTMLSpanElement>'.
  Property 'name' does not exist on type 'DetailedHTMLProps<HTMLAttributes<HTMLSpanElement>, HTMLSpanElement>'.
src/components/tenantadmin/dashboard/component/function/dragDropFunction.tsx(150,5): error TS2339: Property 'item' does not exist on type '{}'.
src/components/tenantadmin/dashboard/component/function/dragDropFunction.tsx(151,5): error TS2339: Property 'zone' does not exist on type '{}'.
src/components/tenantadmin/dashboard/component/function/dragDropFunction.tsx(152,5): error TS2339: Property 'getProps' does not exist on type '{}'.
src/components/tenantadmin/dashboard/component/function/dragDropFunction.tsx(153,5): error TS2339: Property 'setDashboard' does not exist on type '{}'.
src/components/tenantadmin/dashboard/component/function/dragDropFunction.tsx(154,5): error TS2339: Property 'setComponents' does not exist on type '{}'.
src/components/tenantadmin/dashboard/component/function/dragDropFunction.tsx(155,5): error TS2339: Property 'activeBtn' does not exist on type '{}'.
src/components/tenantadmin/dashboard/component/function/dragDropFunction.tsx(156,5): error TS2339: Property 'getCharts' does not exist on type '{}'.
src/components/tenantadmin/dashboard/component/function/dragDropFunction.tsx(204,9): error TS2322: Type '{ transition: string; gridColumn: string; gridRow: string; minHeight: number; cursor: string; position: string; userSelect: string; willChange: string; zIndex: number; }' is not assignable to type 'CSSProperties'.
  Types of property 'position' are incompatible.
    Type 'string' is not assignable to type 'Position'.
src/components/tenantadmin/dashboard/component/function/dragDropFunction.tsx(228,17): error TS2322: Type '{ children: any; style: { width: number; marginBottom: number; textTransform: "capitalize"; }; placeholder: Element; onChange: (selectedType: any) => void; onPointerDown: (e: any) => any; value: any; getPopupContainer: (triggerNode: any) => any; }' is not assignable to type 'IntrinsicAttributes & SelectProps<any, DefaultOptionType> & { children?: ReactNode; } & RefAttributes<BaseSelectRef>'.
  Property 'onPointerDown' does not exist on type 'IntrinsicAttributes & SelectProps<any, DefaultOptionType> & { children?: ReactNode; } & RefAttributes<BaseSelectRef>'.
src/components/tenantadmin/dashboard/component/function/dragDropFunction.tsx(357,11): error TS2554: Expected 2 arguments, but got 1.
src/components/tenantadmin/dashboard/component/function/dragDropFunction.tsx(358,11): error TS2554: Expected 1 arguments, but got 2.
src/components/tenantadmin/dashboard/component/function/resubaleDndContext.tsx(39,11): error TS2554: Expected 2 arguments, but got 1.
src/components/tenantadmin/dashboard/component/function/resubaleDndContext.tsx(86,21): error TS2322: Type '{ key: string; item: any; zone: string; getCharts: any; activeBtn: string; setDashboard: any; setComponents: any; }' is not assignable to type 'IntrinsicAttributes & object'.
  Property 'item' does not exist on type 'IntrinsicAttributes & object'.
src/components/tenantadmin/dashboard/component/function/resubaleDndContext.tsx(126,21): error TS2322: Type '{ activeBtn: string; key: any; item: any; zone: string; setDashboard: any; setComponents: any; getCharts: any; }' is not assignable to type 'IntrinsicAttributes & object'.
  Property 'activeBtn' does not exist on type 'IntrinsicAttributes & object'.
src/components/tenantadmin/dashboard/component/function/resubaleDndContext.tsx(151,46): error TS2322: Type '{ item: any; activeBtn: string; }' is not assignable to type 'IntrinsicAttributes & { item: any; }'.
  Property 'activeBtn' does not exist on type 'IntrinsicAttributes & { item: any; }'.
src/components/tenantadmin/dashboard/component/groupcard/index.tsx(3,32): error TS1323: Dynamic imports are only supported when the '--module' flag is set to 'es2020', 'es2022', 'esnext', 'commonjs', 'amd', 'system', 'umd', 'node16', 'node18', 'node20', or 'nodenext'.
src/components/tenantadmin/dashboard/component/headtitle/index.tsx(5,20): error TS2307: Cannot find module './styles.module.css' or its corresponding type declarations.
src/components/tenantadmin/dashboard/component/holdstatus/index.tsx(2,20): error TS2307: Cannot find module './styles.module.css' or its corresponding type declarations.
src/components/tenantadmin/dashboard/component/holdstatus/index.tsx(3,18): error TS2307: Cannot find module '../../../../components/card/index' or its corresponding type declarations.
src/components/tenantadmin/dashboard/component/holdstatus/index.tsx(4,23): error TS2307: Cannot find module '../../../../components/headtitle' or its corresponding type declarations.
src/components/tenantadmin/dashboard/component/holdstatus/index.tsx(8,24): error TS2307: Cannot find module '../../../../styles/auth.module.css' or its corresponding type declarations.
src/components/tenantadmin/dashboard/component/holdstatus/index.tsx(9,45): error TS2307: Cannot find module '../../../../stores/reviewer/dashboard' or its corresponding type declarations.
src/components/tenantadmin/dashboard/component/holdstatus/index.tsx(10,36): error TS2307: Cannot find module '../../../../components/reuseableFunctions' or its corresponding type declarations.
src/components/tenantadmin/dashboard/component/holdstatus/index.tsx(11,28): error TS2307: Cannot find module '../../../../utils/storages' or its corresponding type declarations.
src/components/tenantadmin/dashboard/component/holdstatus/index.tsx(74,17): error TS2322: Type 'string' is not assignable to type 'number'.
src/components/tenantadmin/dashboard/component/holdstatus/index.tsx(141,28): error TS2339: Property 'reviewer' does not exist on type 'unknown'.
src/components/tenantadmin/dashboard/component/layout/default/index.tsx(40,31): error TS2307: Cannot find module '../../../../../utils/reusable' or its corresponding type declarations.
src/components/tenantadmin/dashboard/component/layout/default/index.tsx(41,26): error TS2307: Cannot find module '../../../../../components/skeleton/card' or its corresponding type declarations.
src/components/tenantadmin/dashboard/component/layout/default/index.tsx(57,15): error TS1117: An object literal cannot have multiple properties with the same name.
src/components/tenantadmin/dashboard/component/layout/default/index.tsx(120,10): error TS2741: Property 'chartType' is missing in type '{ charts: ({ type: string; size: string; mainTitle: string; title: string; value: number; bgColor: any; backgroundColor: any; categories?: undefined; customHeader?: undefined; legend?: undefined; series?: undefined; } | { ...; })[]; }' but required in type 'GroupCardProps'.
src/components/tenantadmin/dashboard/component/layout/default/index.tsx(126,10): error TS2741: Property 'chartType' is missing in type '{ charts: ({ type: any; size: string; categories: string[]; customHeader: { label: string; value: string; header: string; }; series: { name: string; data: number[]; color: any; area: boolean; }[]; } | { type: any; size: string; categories: string[]; customHeader: { ...; }; series: { ...; }[]; })[]; }' but required in type 'GroupCardProps'.
src/components/tenantadmin/dashboard/component/layout/default/index.tsx(132,10): error TS2741: Property 'chartType' is missing in type '{ charts: ({ type: any; size: string; categories: string[]; customHeader: { label: string; value: string; header: string; }; series: { name: string; data: number[]; color: any; area: boolean; }[]; } | { type: any; size: string; categories: string[]; customHeader: { ...; }; series: { ...; }[]; })[]; }' but required in type 'GroupCardProps'.
src/components/tenantadmin/dashboard/component/layout/default/index.tsx(138,10): error TS2741: Property 'chartType' is missing in type '{ charts: ({ type: any; size: string; categories: string[]; customHeader: { label: string; value: string; header: string; }; series: { name: string; data: number[]; color: any; area: boolean; }[]; } | { type: any; size: string; categories: string[]; customHeader: { ...; }; series: { ...; }[]; })[]; }' but required in type 'GroupCardProps'.
src/components/tenantadmin/dashboard/component/layout/default/index.tsx(144,10): error TS2741: Property 'chartType' is missing in type '{ charts: ({ type: any; size: string; categories: string[]; customHeader: { label: string; value: string; header: string; }; series: { name: string; data: number[]; color: any; area: boolean; }[]; } | { type: any; size: string; categories: string[]; customHeader: { ...; }; series: { ...; }[]; })[]; }' but required in type 'GroupCardProps'.
src/components/tenantadmin/dashboard/component/layout/default/index.tsx(153,28): error TS2339: Property 'icon' does not exist on type '{ title: string; value: number; bgColor: any; }'.
src/components/tenantadmin/dashboard/component/layout/default/index.tsx(302,10): error TS2741: Property 'chartType' is missing in type '{ charts: { type: any; size: string; categories: string[]; customHeader: { label: string; value: string; header: string; }; series: { name: string; data: number[]; color: any; area: boolean; }[]; }[]; }' but required in type 'GroupCardProps'.
src/components/tenantadmin/dashboard/component/layout/default/index.tsx(308,10): error TS2741: Property 'chartType' is missing in type '{ charts: { type: any; size: string; categories: string[]; customHeader: { label: string; value: string; header: string; }; series: { name: string; data: number[]; color: any; area: boolean; }[]; }[]; }' but required in type 'GroupCardProps'.
src/components/tenantadmin/dashboard/component/layout/default/index.tsx(314,10): error TS2741: Property 'chartType' is missing in type '{ charts: { type: any; size: string; categories: string[]; customHeader: { label: string; value: string; header: string; }; series: { name: string; data: number[]; color: any; area: boolean; }[]; }[]; }' but required in type 'GroupCardProps'.
src/components/tenantadmin/dashboard/component/layout/default/index.tsx(320,10): error TS2741: Property 'chartType' is missing in type '{ charts: { type: any; size: string; categories: string[]; customHeader: { label: string; value: string; header: string; }; series: { name: string; data: number[]; color: any; area: boolean; }[]; }[]; }' but required in type 'GroupCardProps'.
src/components/tenantadmin/dashboard/component/layout/default/index.tsx(327,11): error TS2322: Type '{ chartType: any; chartChange: any; windowWidth: any; chartData: { status: string; value: number; }[]; }' is not assignable to type 'IntrinsicAttributes & { chartType: any; chartChange: any; selectedRole: any; chartData: any; }'.
  Property 'windowWidth' does not exist on type 'IntrinsicAttributes & { chartType: any; chartChange: any; selectedRole: any; chartData: any; }'.
src/components/tenantadmin/dashboard/component/layout/default/index.tsx(340,15): error TS1117: An object literal cannot have multiple properties with the same name.
src/components/tenantadmin/dashboard/component/layout/default/index.tsx(409,15): error TS1117: An object literal cannot have multiple properties with the same name.
src/components/tenantadmin/dashboard/component/layout/default/index.tsx(565,32): error TS2345: Argument of type '{ type: string; chartType: string; windowWidth: number; }' is not assignable to parameter of type '{ type: any; chartType: any; chartChange: any; windowWidth: any; }'.
  Property 'chartChange' is missing in type '{ type: string; chartType: string; windowWidth: number; }' but required in type '{ type: any; chartType: any; chartChange: any; windowWidth: any; }'.
src/components/tenantadmin/dashboard/component/layout/default/index.tsx(581,31): error TS2339: Property 'admin' does not exist on type 'unknown'.
src/components/tenantadmin/dashboard/component/layout/default/mockData.tsx(1,24): error TS2307: Cannot find module '../../../../../images/tenantAdmin/processing.svg' or its corresponding type declarations.
src/components/tenantadmin/dashboard/component/layout/default/mockData.tsx(2,20): error TS2307: Cannot find module '../../../../../images/tenantAdmin/failed.svg' or its corresponding type declarations.
src/components/tenantadmin/dashboard/component/layout/default/mockData.tsx(3,23): error TS2307: Cannot find module '../../../../../images/tenantAdmin/completed.svg' or its corresponding type declarations.
src/components/tenantadmin/dashboard/component/layout/default/mockData.tsx(4,20): error TS2307: Cannot find module '../../../../../images/tenantAdmin/upload.svg' or its corresponding type declarations.
src/components/tenantadmin/dashboard/component/layout/default/mockData.tsx(5,22): error TS2307: Cannot find module '../../../../../images/tenantAdmin/file.svg' or its corresponding type declarations.
src/components/tenantadmin/dashboard/component/layout/default/mockData.tsx(6,21): error TS2307: Cannot find module '../../../../../images/tenantAdmin/dos.svg' or its corresponding type declarations.
src/components/tenantadmin/dashboard/component/layout/default/mockData.tsx(7,22): error TS2307: Cannot find module '../../../../../images/tenantAdmin/page.svg' or its corresponding type declarations.
src/components/tenantadmin/dashboard/component/layout/default/mockData.tsx(8,31): error TS2307: Cannot find module '../../../../../utils/reusable' or its corresponding type declarations.
src/components/tenantadmin/dashboard/component/layout/default/mockData.tsx(9,26): error TS2307: Cannot find module '../../../../../images/dashboard/patientCount.webp' or its corresponding type declarations.
src/components/tenantadmin/dashboard/component/layout/default/mockData.tsx(10,22): error TS2307: Cannot find module '../../../../../images/dashboard/dosCount.webp' or its corresponding type declarations.
src/components/tenantadmin/dashboard/component/layout/default/mockData.tsx(11,19): error TS2307: Cannot find module '../../../../../images/dashboard/pages.webp' or its corresponding type declarations.
src/components/tenantadmin/dashboard/component/layout/default/mockData.tsx(12,29): error TS2307: Cannot find module '../../../../../images/dashboard/uploadContainer.webp' or its corresponding type declarations.
src/components/tenantadmin/dashboard/component/layout/default/mockData.tsx(13,33): error TS2307: Cannot find module '../../../../../images/dashboard/processingContainer.webp' or its corresponding type declarations.
src/components/tenantadmin/dashboard/component/layout/default/mockData.tsx(14,32): error TS2307: Cannot find module '../../../../../images/dashboard/completedContainer.webp' or its corresponding type declarations.
src/components/tenantadmin/dashboard/component/layout/default/mockData.tsx(15,29): error TS2307: Cannot find module '../../../../../images/dashboard/failedContainer.webp' or its corresponding type declarations.
src/components/tenantadmin/dashboard/component/layout/default/mockData.tsx(16,34): error TS2307: Cannot find module '../../../../../images/dashboard/codeCaptureContainer.webp' or its corresponding type declarations.
src/components/tenantadmin/dashboard/component/layout/invalid/Invalid.tsx(28,3): error TS2305: Module '"./mockData"' has no exported member 'ScopeYearMis'.
src/components/tenantadmin/dashboard/component/layout/invalid/Invalid.tsx(32,26): error TS2307: Cannot find module '../../../../../components/skeleton/card' or its corresponding type declarations.
src/components/tenantadmin/dashboard/component/layout/invalid/Invalid.tsx(182,32): error TS2345: Argument of type '{ type: string; chartType: string; }' is not assignable to parameter of type '{ type: any; chartType: any; chartChange: any; }'.
  Property 'chartChange' is missing in type '{ type: string; chartType: string; }' but required in type '{ type: any; chartType: any; chartChange: any; }'.
src/components/tenantadmin/dashboard/component/layout/invalid/Invalid.tsx(197,31): error TS2339: Property 'admin' does not exist on type 'unknown'.
src/components/tenantadmin/dashboard/component/layout/invalid/mockData.tsx(2,23): error TS2307: Cannot find module '../../../../../../src/images/invalid/televisit.webp' or its corresponding type declarations.
src/components/tenantadmin/dashboard/component/layout/invalid/mockData.tsx(3,19): error TS2307: Cannot find module '../../../../../../src/images/invalid/scope.webp' or its corresponding type declarations.
src/components/tenantadmin/dashboard/component/layout/invalid/mockData.tsx(4,21): error TS2307: Cannot find module '../../../../../../src/images/invalid/invalid.webp' or its corresponding type declarations.
src/components/tenantadmin/dashboard/component/layout/invalid/mockData.tsx(5,22): error TS2307: Cannot find module '../../../../../../src/images/invalid/improper.webp' or its corresponding type declarations.
src/components/tenantadmin/dashboard/component/layout/invalid/mockData.tsx(6,22): error TS2307: Cannot find module '../../../../../../src/images/invalid/multiple.webp' or its corresponding type declarations.
src/components/tenantadmin/dashboard/component/layout/invalid/mockData.tsx(7,17): error TS2307: Cannot find module '../../../../../../src/images/invalid/mrn.webp' or its corresponding type declarations.
src/components/tenantadmin/dashboard/component/layout/invalid/mockData.tsx(8,21): error TS2307: Cannot find module '../../../../../../src/images/invalid/illelegal.webp' or its corresponding type declarations.
src/components/tenantadmin/dashboard/component/layout/invalid/mockData.tsx(9,18): error TS2307: Cannot find module '../../../../../../src/images/invalid/calenderDos1.webp' or its corresponding type declarations.
src/components/tenantadmin/dashboard/component/layout/invalid/mockData.tsx(10,26): error TS2307: Cannot find module '../../../../../../src/images/invalid/televisitnew.webp' or its corresponding type declarations.
src/components/tenantadmin/dashboard/component/layout/invalid/mockData.tsx(11,24): error TS2307: Cannot find module '../../../../../../src/images/invalid/invalidnew.webp' or its corresponding type declarations.
src/components/tenantadmin/dashboard/component/layout/invalid/mockData.tsx(12,20): error TS2307: Cannot find module '../../../../../../src/images/invalid/calender1.webp' or its corresponding type declarations.
src/components/tenantadmin/dashboard/component/layout/invalid/mockData.tsx(13,25): error TS2307: Cannot find module '../../../../../../src/images/invalid/multiplenew.webp' or its corresponding type declarations.
src/components/tenantadmin/dashboard/component/layout/invalid/mockData.tsx(14,20): error TS2307: Cannot find module '../../../../../../src/images/invalid/mrnnew.webp' or its corresponding type declarations.
src/components/tenantadmin/dashboard/component/layout/invalid/mockData.tsx(15,24): error TS2307: Cannot find module '../../../../../../src/images/invalid/illelegalnew.webp' or its corresponding type declarations.
src/components/tenantadmin/dashboard/component/layout/invalid/mockData.tsx(16,22): error TS2307: Cannot find module '../../../../../../src/images/invalid/scopenew.webp' or its corresponding type declarations.
src/components/tenantadmin/dashboard/component/layout/invalid/mockData.tsx(17,31): error TS2307: Cannot find module '../../../../../utils/reusable' or its corresponding type declarations.
src/components/tenantadmin/dashboard/component/layout/invalid/mockData.tsx(18,26): error TS2307: Cannot find module '../../../../../components/skeleton/card' or its corresponding type declarations.
src/components/tenantadmin/dashboard/component/layout/workflow/index.tsx(30,26): error TS2307: Cannot find module '../../../../../components/skeleton/card' or its corresponding type declarations.
src/components/tenantadmin/dashboard/component/layout/workflow/index.tsx(40,51): error TS2322: Type '{ chartType: any; chartChange: any; }' is not assignable to type 'IntrinsicAttributes & { chartType: any; }'.
  Property 'chartChange' does not exist on type 'IntrinsicAttributes & { chartType: any; }'.
src/components/tenantadmin/dashboard/component/layout/workflow/index.tsx(71,10): error TS2741: Property 'chartType' is missing in type '{ charts: { type: any; size: string; categories: string[]; series: { name: string; data: number[]; color: any; stack: string; }[]; }[]; stacked: true; }' but required in type 'GroupCardProps'.
src/components/tenantadmin/dashboard/component/layout/workflow/index.tsx(265,32): error TS2345: Argument of type '{ type: string; chartType: string; }' is not assignable to parameter of type '{ type: any; chartType: any; chartChange: any; }'.
  Property 'chartChange' is missing in type '{ type: string; chartType: string; }' but required in type '{ type: any; chartType: any; chartChange: any; }'.
src/components/tenantadmin/dashboard/component/layout/workflow/index.tsx(280,31): error TS2339: Property 'admin' does not exist on type 'unknown'.
src/components/tenantadmin/dashboard/component/layout/workflow/mockData.tsx(5,24): error TS2307: Cannot find module '../../../../../images/tenantAdmin/processing.svg' or its corresponding type declarations.
src/components/tenantadmin/dashboard/component/layout/workflow/mockData.tsx(6,20): error TS2307: Cannot find module '../../../../../images/tenantAdmin/failed.svg' or its corresponding type declarations.
src/components/tenantadmin/dashboard/component/layout/workflow/mockData.tsx(7,23): error TS2307: Cannot find module '../../../../../images/tenantAdmin/completed.svg' or its corresponding type declarations.
src/components/tenantadmin/dashboard/component/layout/workflow/mockData.tsx(8,20): error TS2307: Cannot find module '../../../reviewerStyles.module.css' or its corresponding type declarations.
src/components/tenantadmin/dashboard/component/layout/workflow/mockData.tsx(9,28): error TS2307: Cannot find module '../../../../../components/buttonSroller' or its corresponding type declarations.
src/components/tenantadmin/dashboard/component/layout/workflow/mockData.tsx(10,20): error TS2307: Cannot find module '../../../../../images/tenantAdmin/upload.svg' or its corresponding type declarations.
src/components/tenantadmin/dashboard/component/layout/workflow/mockData.tsx(11,29): error TS2307: Cannot find module '@fortawesome/free-solid-svg-icons' or its corresponding type declarations.
src/components/tenantadmin/dashboard/component/layout/workflow/mockData.tsx(12,33): error TS2307: Cannot find module '@fortawesome/react-fontawesome' or its corresponding type declarations.
src/components/tenantadmin/dashboard/component/layout/workflow/mockData.tsx(20,8): error TS2307: Cannot find module '../../../../../utils/reusable' or its corresponding type declarations.
src/components/tenantadmin/dashboard/component/layout/workflow/mockData.tsx(21,29): error TS2307: Cannot find module '../../../../../images/dashboard/uploadContainer.webp' or its corresponding type declarations.
src/components/tenantadmin/dashboard/component/layout/workflow/mockData.tsx(22,33): error TS2307: Cannot find module '../../../../../images/dashboard/processingContainer.webp' or its corresponding type declarations.
src/components/tenantadmin/dashboard/component/layout/workflow/mockData.tsx(23,32): error TS2307: Cannot find module '../../../../../images/dashboard/completedContainer.webp' or its corresponding type declarations.
src/components/tenantadmin/dashboard/component/layout/workflow/mockData.tsx(24,29): error TS2307: Cannot find module '../../../../../images/dashboard/failedContainer.webp' or its corresponding type declarations.
src/components/tenantadmin/dashboard/component/layout/workflow/mockData.tsx(25,26): error TS2307: Cannot find module '../../../../../components/skeleton/card' or its corresponding type declarations.
src/components/tenantadmin/dashboard/component/layout/workflow/mockData.tsx(26,32): error TS2307: Cannot find module '../../../../../utils/config' or its corresponding type declarations.
src/components/tenantadmin/dashboard/component/layout/workflow/mockData.tsx(27,34): error TS2307: Cannot find module '../../../../../images/dashboard/codeCaptureContainer.webp' or its corresponding type declarations.
src/components/tenantadmin/dashboard/component/layout/workflow/mockData.tsx(685,8): error TS2739: Type '{ useDummyData: true; dummyNotificationData: { id: number; content: string; createdDate: string; fromUserDetails: { firstName: string; lastName: string; role: string; }; }[]; }' is missing the following properties from type '{ notificationResponse: any; notificationLoading: any; webSocketNotificationData: any; useDummyData?: boolean; dummyNotificationData?: any[]; }': notificationResponse, notificationLoading, webSocketNotificationData
src/components/tenantadmin/dashboard/component/layout/workQueue/index.tsx(25,26): error TS2307: Cannot find module '../../../../../components/skeleton/card' or its corresponding type declarations.
src/components/tenantadmin/dashboard/component/layout/workQueue/index.tsx(110,10): error TS2739: Type '{ useDummyData: true; dummyNotificationData: { id: number; content: string; createdDate: string; fromUserDetails: { firstName: string; lastName: string; role: string; }; }[]; }' is missing the following properties from type '{ notificationResponse: any; notificationLoading: any; webSocketNotificationData: any; useDummyData?: boolean; dummyNotificationData?: any[]; }': notificationResponse, notificationLoading, webSocketNotificationData
src/components/tenantadmin/dashboard/component/layout/workQueue/index.tsx(219,32): error TS2345: Argument of type '{ selectedRole: any; type: string; chartType: string; accesslist: string[]; windowWidth: number; }' is not assignable to parameter of type '{ selectedRole: any; type: any; chartType: any; chartChange: any; accesslist: any; windowWidth: any; }'.
  Property 'chartChange' is missing in type '{ selectedRole: any; type: string; chartType: string; accesslist: string[]; windowWidth: number; }' but required in type '{ selectedRole: any; type: any; chartType: any; chartChange: any; accesslist: any; windowWidth: any; }'.
src/components/tenantadmin/dashboard/component/layout/workQueue/index.tsx(237,31): error TS2339: Property 'admin' does not exist on type 'unknown'.
src/components/tenantadmin/dashboard/component/layout/workQueue/mockData.tsx(2,24): error TS2307: Cannot find module '../../../../../components/yearpicker' or its corresponding type declarations.
src/components/tenantadmin/dashboard/component/layout/workQueue/mockData.tsx(3,20): error TS2307: Cannot find module '../../../reviewerStyles.module.css' or its corresponding type declarations.
src/components/tenantadmin/dashboard/component/layout/workQueue/mockData.tsx(4,28): error TS2307: Cannot find module '../../../../../components/buttonSroller' or its corresponding type declarations.
src/components/tenantadmin/dashboard/component/layout/workQueue/mockData.tsx(5,25): error TS2307: Cannot find module '../../../../../pages/reviewer/workingstatus' or its corresponding type declarations.
src/components/tenantadmin/dashboard/component/layout/workQueue/mockData.tsx(6,46): error TS2307: Cannot find module '../../../../../utils/reusable' or its corresponding type declarations.
src/components/tenantadmin/dashboard/component/layout/workQueue/mockData.tsx(12,8): error TS2307: Cannot find module '@fortawesome/free-solid-svg-icons' or its corresponding type declarations.
src/components/tenantadmin/dashboard/component/layout/workQueue/mockData.tsx(13,33): error TS2307: Cannot find module '@fortawesome/react-fontawesome' or its corresponding type declarations.
src/components/tenantadmin/dashboard/component/layout/workQueue/mockData.tsx(15,26): error TS2307: Cannot find module '../../../../../components/skeleton/card' or its corresponding type declarations.
src/components/tenantadmin/dashboard/component/layout/workQueue/mockData.tsx(179,16): error TS2741: Property 'col' is missing in type '{ key: any; status: any; value: any; coderName: any; }' but required in type '{ coderName?: string; status?: string; value?: number; label?: string; subtitle?: string; col: any; }'.
src/components/tenantadmin/dashboard/component/layout/workQueue/mockData.tsx(566,16): error TS2741: Property 'col' is missing in type '{ key: number; status: string; value: number; coderName: any; }' but required in type '{ coderName?: string; status?: string; value?: number; label?: string; subtitle?: string; col: any; }'.
src/components/tenantadmin/dashboard/component/notifications/index.tsx(6,20): error TS2307: Cannot find module './styles.module.css' or its corresponding type declarations.
src/components/tenantadmin/dashboard/component/notifications/index.tsx(7,18): error TS2307: Cannot find module '../../../../components/card/index' or its corresponding type declarations.
src/components/tenantadmin/dashboard/component/notifications/index.tsx(8,23): error TS2307: Cannot find module '../../../../components/headtitle' or its corresponding type declarations.
src/components/tenantadmin/dashboard/component/notifications/index.tsx(9,28): error TS2307: Cannot find module '../../../../images/dashboard/no-notification.webp' or its corresponding type declarations.
src/components/tenantadmin/dashboard/component/notifications/index.tsx(10,24): error TS2307: Cannot find module '../../../../styles/auth.module.css' or its corresponding type declarations.
src/components/tenantadmin/dashboard/component/notifications/index.tsx(11,33): error TS2307: Cannot find module '@fortawesome/react-fontawesome' or its corresponding type declarations.
src/components/tenantadmin/dashboard/component/notifications/index.tsx(12,24): error TS2307: Cannot find module '@fortawesome/free-solid-svg-icons' or its corresponding type declarations.
src/components/tenantadmin/dashboard/component/notifications/index.tsx(13,32): error TS2307: Cannot find module '../../../../components/patientDetails/details/components/function/ReusableFunctions' or its corresponding type declarations.
src/components/tenantadmin/dashboard/component/notifications/index.tsx(14,39): error TS2307: Cannot find module '../../../../components/headerFilters/functions' or its corresponding type declarations.
src/components/tenantadmin/dashboard/component/statusCard/index.tsx(2,33): error TS2307: Cannot find module '@fortawesome/react-fontawesome' or its corresponding type declarations.
src/components/tenantadmin/dashboard/component/statusCard/index.tsx(7,8): error TS2307: Cannot find module '@fortawesome/free-solid-svg-icons' or its corresponding type declarations.
src/components/tenantadmin/dashboard/component/statusCard/index.tsx(8,20): error TS2307: Cannot find module './styles.module.css' or its corresponding type declarations.
src/components/tenantadmin/dashboard/component/statusCard/index.tsx(9,23): error TS2307: Cannot find module '../../../../images/dashboard/patientCount.webp' or its corresponding type declarations.
src/components/tenantadmin/dashboard/component/statusCard/index.tsx(10,21): error TS2307: Cannot find module '../../../../images/dashboard/dosCount.webp' or its corresponding type declarations.
src/components/tenantadmin/dashboard/component/statusCard/index.tsx(11,23): error TS2307: Cannot find module '../../../../images/dashboard/pages.webp' or its corresponding type declarations.
src/components/tenantadmin/dashboard/component/statusCard/index.tsx(12,31): error TS2307: Cannot find module '../../../../images/dashboard/completedContainer.webp' or its corresponding type declarations.
src/components/tenantadmin/dashboard/component/statusCard/index.tsx(13,28): error TS2307: Cannot find module '../../../../images/dashboard/failedContainer.webp' or its corresponding type declarations.
src/components/tenantadmin/dashboard/component/statusCard/index.tsx(14,33): error TS2307: Cannot find module '../../../../images/dashboard/processingContainer.webp' or its corresponding type declarations.
src/components/tenantadmin/dashboard/component/statusCard/index.tsx(15,31): error TS2307: Cannot find module '../../../../utils/reusable' or its corresponding type declarations.
src/components/tenantadmin/dashboard/index.tsx(5,30): error TS1323: Dynamic imports are only supported when the '--module' flag is set to 'es2020', 'es2022', 'esnext', 'commonjs', 'amd', 'system', 'umd', 'node16', 'node18', 'node20', or 'nodenext'.
src/components/tenantadmin/dashboard/index.tsx(8,35): error TS1323: Dynamic imports are only supported when the '--module' flag is set to 'es2020', 'es2022', 'esnext', 'commonjs', 'amd', 'system', 'umd', 'node16', 'node18', 'node20', or 'nodenext'.
src/components/tenantadmin/dashboard/index.tsx(508,17): error TS2769: No overload matches this call.
  Overload 1 of 2, '(props: { selectedTab: any; dashboard: any; setDashboard: any; selectedRole: any; }, context?: any): string | number | bigint | boolean | ReactElement<unknown, string | JSXElementConstructor<any>> | Iterable<...> | Promise<...> | Component<...>', gave the following error.
    Type '{ selectedTab: string; selectedItems: WidgetItem[]; setSelectedItem: Dispatch<SetStateAction<WidgetItem[]>>; handleSelect: (item: WidgetItem) => void; dashboard: WidgetItem[]; setDashboard: Dispatch<...>; selectedRole: string; }' is not assignable to type 'IntrinsicAttributes & { selectedTab: any; dashboard: any; setDashboard: any; selectedRole: any; }'.
      Property 'selectedItems' does not exist on type 'IntrinsicAttributes & { selectedTab: any; dashboard: any; setDashboard: any; selectedRole: any; }'.
  Overload 2 of 2, '(props: { selectedTab: any; dashboard: any; setDashboard: any; selectedRole: any; }): string | number | bigint | boolean | ReactElement<unknown, string | JSXElementConstructor<any>> | Iterable<...> | Promise<...> | Component<...>', gave the following error.
    Type '{ selectedTab: string; selectedItems: WidgetItem[]; setSelectedItem: Dispatch<SetStateAction<WidgetItem[]>>; handleSelect: (item: WidgetItem) => void; dashboard: WidgetItem[]; setDashboard: Dispatch<...>; selectedRole: string; }' is not assignable to type 'IntrinsicAttributes & { selectedTab: any; dashboard: any; setDashboard: any; selectedRole: any; }'.
      Property 'selectedItems' does not exist on type 'IntrinsicAttributes & { selectedTab: any; dashboard: any; setDashboard: any; selectedRole: any; }'.
src/components/tenantadmin/dashboard/pages/components/headerFilters/index.tsx(47,21): error TS2554: Expected 1 arguments, but got 0.
src/components/tenantadmin/dashboard/pages/default/index.tsx(3,37): error TS1323: Dynamic imports are only supported when the '--module' flag is set to 'es2020', 'es2022', 'esnext', 'commonjs', 'amd', 'system', 'umd', 'node16', 'node18', 'node20', or 'nodenext'.
src/components/tenantadmin/dashboard/pages/default/index.tsx(7,33): error TS1323: Dynamic imports are only supported when the '--module' flag is set to 'es2020', 'es2022', 'esnext', 'commonjs', 'amd', 'system', 'umd', 'node16', 'node18', 'node20', or 'nodenext'.
src/components/tenantadmin/dashboard/pages/default/index.tsx(17,24): error TS2307: Cannot find module '../../../../images/tenantAdmin/processing.svg' or its corresponding type declarations.
src/components/tenantadmin/dashboard/pages/default/index.tsx(18,20): error TS2307: Cannot find module '../../../../images/tenantAdmin/failed.svg' or its corresponding type declarations.
src/components/tenantadmin/dashboard/pages/default/index.tsx(19,23): error TS2307: Cannot find module '../../../../images/tenantAdmin/completed.svg' or its corresponding type declarations.
src/components/tenantadmin/dashboard/pages/default/index.tsx(20,20): error TS2307: Cannot find module '../../../../images/tenantAdmin/upload.svg' or its corresponding type declarations.
src/components/tenantadmin/dashboard/pages/default/index.tsx(21,22): error TS2307: Cannot find module '../../../../images/tenantAdmin/file.svg' or its corresponding type declarations.
src/components/tenantadmin/dashboard/pages/default/index.tsx(22,21): error TS2307: Cannot find module '../../../../images/tenantAdmin/dos.svg' or its corresponding type declarations.
src/components/tenantadmin/dashboard/pages/default/index.tsx(23,22): error TS2307: Cannot find module '../../../../images/tenantAdmin/page.svg' or its corresponding type declarations.
src/components/tenantadmin/dashboard/pages/default/index.tsx(32,19): error TS2307: Cannot find module '../../../../../images/dashboard/pages.webp' or its corresponding type declarations.
src/components/tenantadmin/dashboard/pages/default/index.tsx(33,26): error TS2307: Cannot find module '../../../../../images/dashboard/patientCount.webp' or its corresponding type declarations.
src/components/tenantadmin/dashboard/pages/default/index.tsx(34,22): error TS2307: Cannot find module '../../../../../images/dashboard/dosCount.webp' or its corresponding type declarations.
src/components/tenantadmin/dashboard/pages/default/index.tsx(35,29): error TS2307: Cannot find module '../../../../../images/dashboard/uploadContainer.webp' or its corresponding type declarations.
src/components/tenantadmin/dashboard/pages/default/index.tsx(36,33): error TS2307: Cannot find module '../../../../../images/dashboard/processingContainer.webp' or its corresponding type declarations.
src/components/tenantadmin/dashboard/pages/default/index.tsx(37,32): error TS2307: Cannot find module '../../../../../images/dashboard/completedContainer.webp' or its corresponding type declarations.
src/components/tenantadmin/dashboard/pages/default/index.tsx(38,29): error TS2307: Cannot find module '../../../../../images/dashboard/failedContainer.webp' or its corresponding type declarations.
src/components/tenantadmin/dashboard/pages/default/index.tsx(39,34): error TS2307: Cannot find module '../../../../../images/dashboard/codeCaptureContainer.webp' or its corresponding type declarations.
src/components/tenantadmin/dashboard/pages/index.tsx(3,37): error TS1323: Dynamic imports are only supported when the '--module' flag is set to 'es2020', 'es2022', 'esnext', 'commonjs', 'amd', 'system', 'umd', 'node16', 'node18', 'node20', or 'nodenext'.
src/components/tenantadmin/dashboard/pages/index.tsx(27,31): error TS1323: Dynamic imports are only supported when the '--module' flag is set to 'es2020', 'es2022', 'esnext', 'commonjs', 'amd', 'system', 'umd', 'node16', 'node18', 'node20', or 'nodenext'.
src/components/tenantadmin/dashboard/pages/index.tsx(28,32): error TS1323: Dynamic imports are only supported when the '--module' flag is set to 'es2020', 'es2022', 'esnext', 'commonjs', 'amd', 'system', 'umd', 'node16', 'node18', 'node20', or 'nodenext'.
src/components/tenantadmin/dashboard/pages/index.tsx(29,31): error TS1323: Dynamic imports are only supported when the '--module' flag is set to 'es2020', 'es2022', 'esnext', 'commonjs', 'amd', 'system', 'umd', 'node16', 'node18', 'node20', or 'nodenext'.
src/components/tenantadmin/dashboard/pages/index.tsx(30,33): error TS1323: Dynamic imports are only supported when the '--module' flag is set to 'es2020', 'es2022', 'esnext', 'commonjs', 'amd', 'system', 'umd', 'node16', 'node18', 'node20', or 'nodenext'.
src/components/tenantadmin/dashboard/pages/invalid/Invalid.tsx(17,23): error TS2307: Cannot find module '../../../../../images/invalid/televisit.webp' or its corresponding type declarations.
src/components/tenantadmin/dashboard/pages/invalid/Invalid.tsx(18,19): error TS2307: Cannot find module '../../../../../images/invalid/scope.webp' or its corresponding type declarations.
src/components/tenantadmin/dashboard/pages/invalid/Invalid.tsx(19,21): error TS2307: Cannot find module '../../../../../images/invalid/invalid.webp' or its corresponding type declarations.
src/components/tenantadmin/dashboard/pages/invalid/Invalid.tsx(20,22): error TS2307: Cannot find module '../../../../../images/invalid/improper.webp' or its corresponding type declarations.
src/components/tenantadmin/dashboard/pages/invalid/Invalid.tsx(21,22): error TS2307: Cannot find module '../../../../../images/invalid/multiple.webp' or its corresponding type declarations.
src/components/tenantadmin/dashboard/pages/invalid/Invalid.tsx(22,17): error TS2307: Cannot find module '../../../../../images/invalid/mrn.webp' or its corresponding type declarations.
src/components/tenantadmin/dashboard/pages/invalid/Invalid.tsx(23,21): error TS2307: Cannot find module '../../../../../images/invalid/illelegal.webp' or its corresponding type declarations.
src/components/tenantadmin/dashboard/pages/invalid/Invalid.tsx(24,17): error TS2307: Cannot find module '../../../../../images/invalid/calender.svg' or its corresponding type declarations.
src/components/tenantadmin/dashboard/pages/invalid/Invalid.tsx(25,20): error TS2307: Cannot find module '../../../../../images/invalid/calender1.webp' or its corresponding type declarations.
src/components/tenantadmin/dashboard/pages/invalid/Invalid.tsx(26,26): error TS2307: Cannot find module '../../../../../images/invalid/televisitnew.webp' or its corresponding type declarations.
src/components/tenantadmin/dashboard/pages/invalid/Invalid.tsx(27,24): error TS2307: Cannot find module '../../../../../images/invalid/invalidnew.webp' or its corresponding type declarations.
src/components/tenantadmin/dashboard/pages/invalid/Invalid.tsx(28,18): error TS2307: Cannot find module '../../../../../images/invalid/calenderDos1.webp' or its corresponding type declarations.
src/components/tenantadmin/dashboard/pages/invalid/Invalid.tsx(29,25): error TS2307: Cannot find module '../../../../../images/invalid/multiplenew.webp' or its corresponding type declarations.
src/components/tenantadmin/dashboard/pages/invalid/Invalid.tsx(30,22): error TS2307: Cannot find module '../../../../../images/invalid/scopenew.webp' or its corresponding type declarations.
src/components/tenantadmin/dashboard/pages/invalid/Invalid.tsx(31,20): error TS2307: Cannot find module '../../../../../images/invalid/mrnnew.webp' or its corresponding type declarations.
src/components/tenantadmin/dashboard/pages/invalid/Invalid.tsx(32,24): error TS2307: Cannot find module '../../../../../images/invalid/illelegalnew.webp' or its corresponding type declarations.
src/components/tenantadmin/dashboard/pages/invalid/Invalid.tsx(39,23): error TS2307: Cannot find module 'highcharts' or its corresponding type declarations.
src/components/tenantadmin/dashboard/pages/workflow/index.tsx(18,24): error TS2307: Cannot find module '../../../../../images/tenantAdmin/processing.svg' or its corresponding type declarations.
src/components/tenantadmin/dashboard/pages/workflow/index.tsx(19,20): error TS2307: Cannot find module '../../../../../images/tenantAdmin/failed.svg' or its corresponding type declarations.
src/components/tenantadmin/dashboard/pages/workflow/index.tsx(20,23): error TS2307: Cannot find module '../../../../../images/tenantAdmin/completed.svg' or its corresponding type declarations.
src/components/tenantadmin/dashboard/pages/workflow/index.tsx(21,20): error TS2307: Cannot find module '../../../../../images/tenantAdmin/upload.svg' or its corresponding type declarations.
src/components/tenantadmin/dashboard/pages/workflow/index.tsx(26,20): error TS2307: Cannot find module '../../reviewerStyles.module.css' or its corresponding type declarations.
src/components/tenantadmin/dashboard/pages/workflow/index.tsx(27,22): error TS2307: Cannot find module '../../../../../images/dashboard/accuracy.webp' or its corresponding type declarations.
src/components/tenantadmin/dashboard/pages/workflow/index.tsx(40,29): error TS2307: Cannot find module '../../../../../images/dashboard/uploadContainer.webp' or its corresponding type declarations.
src/components/tenantadmin/dashboard/pages/workflow/index.tsx(41,33): error TS2307: Cannot find module '../../../../../images/dashboard/processingContainer.webp' or its corresponding type declarations.
src/components/tenantadmin/dashboard/pages/workflow/index.tsx(42,32): error TS2307: Cannot find module '../../../../../images/dashboard/completedContainer.webp' or its corresponding type declarations.
src/components/tenantadmin/dashboard/pages/workflow/index.tsx(43,29): error TS2307: Cannot find module '../../../../../images/dashboard/failedContainer.webp' or its corresponding type declarations.
src/components/tenantadmin/dashboard/pages/workflow/index.tsx(44,34): error TS2307: Cannot find module '../../../../../images/dashboard/codeCaptureContainer.webp' or its corresponding type declarations.
src/components/tenantadmin/dashboard/pages/workflow/index.tsx(919,25): error TS2367: This comparison appears to be unintentional because the types 'number' and 'string' have no overlap.
src/components/tenantadmin/dashboard/pages/workflow/index.tsx(926,25): error TS2367: This comparison appears to be unintentional because the types 'number' and 'string' have no overlap.
src/components/tenantadmin/dashboard/pages/workflow/index.tsx(993,12): error TS2739: Type '{ useDummyData: true; dummyNotificationData: any[]; }' is missing the following properties from type '{ notificationResponse: any; notificationLoading: any; webSocketNotificationData: any; useDummyData?: boolean; dummyNotificationData?: any[]; }': notificationResponse, notificationLoading, webSocketNotificationData
src/components/tenantadmin/dashboard/pages/workflow/index.tsx(1003,10): error TS2741: Property 'chartType' is missing in type '{ charts: { type: string; size: string; categories: string[]; series: { name: string; data: any; color: string; stack: string; plotConfig: { key: string; value: string; dates: string[]; }; }[]; }[]; stacked: true; }' but required in type 'GroupCardProps'.
src/components/tenantadmin/dashboard/pages/workflow/index.tsx(1554,21): error TS2322: Type '(index: any, btn: any) => void' is not assignable to type '(id: number) => void'.
  Target signature provides too few arguments. Expected 2 or more, but got 1.
src/components/tenantadmin/dashboard/pages/workflow/index.tsx(1555,21): error TS2322: Type 'string' is not assignable to type 'number'.
src/components/tenantadmin/dashboard/pages/workQueue/index.tsx(16,20): error TS2307: Cannot find module '../../reviewerStyles.module.css' or its corresponding type declarations.
src/components/tenantadmin/dashboard/pages/workQueue/index.tsx(18,25): error TS2307: Cannot find module '../../../../../../pages/reviewer/workingstatus' or its corresponding type declarations.
src/state/admin/dashboard/network.ts(1,28): error TS2307: Cannot find module '../../../utils/storages' or its corresponding type declarations.
src/state/admin/dashboard/network.ts(2,31): error TS2307: Cannot find module '../../../utils/network' or its corresponding type declarations.
src/state/admin/dashboard/network.ts(12,43): error TS2345: Argument of type 'URLSearchParams' is not assignable to parameter of type 'string'.
src/util/reusableFunction.tsx(2,36): error TS2307: Cannot find module '@/util/notificationHolder' or its corresponding type declarations.
src/util/reusableFunction.tsx(8,32): error TS2307: Cannot find module '@/util/config' or its corresponding type declarations.
src/util/reusableFunction.tsx(9,22): error TS2307: Cannot find module '@/util/config' or its corresponding type declarations.
src/util/reusableFunction.tsx(13,41): error TS2307: Cannot find module '@/components/layout/appHeader/function' or its corresponding type declarations.
src/util/reusableFunction.tsx(146,11): error TS2304: Cannot find name 'companyDeatils'.
src/util/reusableFunction.tsx(167,11): error TS2304: Cannot find name 'companyDeatils'.
src/util/reusableFunction.tsx(239,15): error TS2339: Property 'startDate' does not exist on type '{}'.
src/util/reusableFunction.tsx(239,26): error TS2339: Property 'endDate' does not exist on type '{}'.
src/util/storage.ts(2,35): error TS2307: Cannot find module '@/util/config' or its corresponding type declarations.
